// Jest Snapshot v1, https://goo.gl/fbAQLP

exports[`Prueba en HookApp debe tomar una snapshoot de mi HookApp 1`] = `
<div>
  <h1>
    Hola Mundo
  </h1>
</div>
`;
